// Jest Snapshot v1, https://goo.gl/fbAQLP

exports[`Image Image loaded shows the Image 1`] = `
<body>
  <div>
    <div
      class="relative-positioning svelte-5iyfh4"
      style="display:block"
    >
      <img
        alt="placeholder"
        class="d-block svelte-5iyfh4"
        role="presentation"
        src="data:image/svg+xml;base64,PHN2ZyB4bWxucz0iaHR0cDovL3d3dy53My5vcmcvMjAwMC9zdmciIHdpZHRoPSI3NTAiIGhlaWdodD0iNDIxIj48L3N2Zz4="
        style="width:100%"
      />
       
      <div
        class="absolute-positioning svelte-5iyfh4"
        style="background-color:#000;background-image:url(data:image/jpeg;base64,/9j/4AAQSkZJRgABAQAAAQABAAD/2wCEAAoHBwgHBgoICAgLFQoLDhgQDg0NDh0eHREYIx8lJCIrHB0dLSs7GikyKSEuKjUlKDk1MjIyHyo4PTc+PDcxPjUBCgsLDg0OHBAQHDsoIig7Ozs7Ozs7OzsvOzs7Ozs7Ozs7Lzs7Ozs7Ozs7OzsvOzs7NTsvLy87NTU1Ly8vLzsvL//AABEIAA0AGAMBIgACEQEDEQH/xAAYAAACAwAAAAAAAAAAAAAAAAAGBwABBP/EACEQAAEEAAYDAAAAAAAAAAAAAAEAAgMEBQYHESEiFWFx/8QAFQEBAQAAAAAAAAAAAAAAAAAAAwL/xAAZEQADAAMAAAAAAAAAAAAAAAAAAQIRITH/2gAMAwEAAhEDEQA/AFxLgDWTsAd1J5TGy7hEYqNAaNgECX7sjLMQAHJTEy1Zcarfia4lJMauAxqBhLY6ZlaOzDurWvUOd3jZPfCiEh4xs//Z);background-size:cover;"
      />
       
      <picture>
        <source />
         
        <source
          srcset="https://www.datocms-assets.com/205/image.png?ar=16%3A9&dpr=0.25&fit=crop&w=750 187w,↵https://www.datocms-assets.com/205/image.png?ar=16%3A9&dpr=0.5&fit=crop&w=750 375w,↵https://www.datocms-assets.com/205/image.png?ar=16%3A9&dpr=0.75&fit=crop&w=750 562w,↵https://www.datocms-assets.com/205/image.png?ar=16%3A9&dpr=1&fit=crop&w=750 750w,↵https://www.datocms-assets.com/205/image.png?ar=16%3A9&dpr=1.5&fit=crop&w=750 1125w,↵https://www.datocms-assets.com/205/image.png?ar=16%3A9&dpr=2&fit=crop&w=750 1500w,↵https://www.datocms-assets.com/205/image.png?ar=16%3A9&dpr=3&fit=crop&w=750 2250w,↵https://www.datocms-assets.com/205/image.png?ar=16%3A9&dpr=4&fit=crop&w=750 3000w"
        />
         
        <img
          alt="DatoCMS swag"
          class="absolute-positioning transition-opacity svelte-5iyfh4 visible"
          src="https://www.datocms-assets.com/205/image.png?ar=16%3A9&fit=crop&w=750"
          style="transition-duration:500ms;"
          title="These are awesome, we know that."
        />
      </picture>
    </div>
  </div>
</body>
`;

exports[`Image Visible renders the Image 1`] = `
<body>
  <div>
    <div
      class="relative-positioning svelte-5iyfh4"
      style="display:block"
    >
      <img
        alt="placeholder"
        class="d-block svelte-5iyfh4"
        role="presentation"
        src="data:image/svg+xml;base64,PHN2ZyB4bWxucz0iaHR0cDovL3d3dy53My5vcmcvMjAwMC9zdmciIHdpZHRoPSI3NTAiIGhlaWdodD0iNDIxIj48L3N2Zz4="
        style="width:100%"
      />
       
      <div
        class="absolute-positioning svelte-5iyfh4 visible"
        style="background-color:#000;background-image:url(data:image/jpeg;base64,/9j/4AAQSkZJRgABAQAAAQABAAD/2wCEAAoHBwgHBgoICAgLFQoLDhgQDg0NDh0eHREYIx8lJCIrHB0dLSs7GikyKSEuKjUlKDk1MjIyHyo4PTc+PDcxPjUBCgsLDg0OHBAQHDsoIig7Ozs7Ozs7OzsvOzs7Ozs7Ozs7Lzs7Ozs7Ozs7OzsvOzs7NTsvLy87NTU1Ly8vLzsvL//AABEIAA0AGAMBIgACEQEDEQH/xAAYAAACAwAAAAAAAAAAAAAAAAAGBwABBP/EACEQAAEEAAYDAAAAAAAAAAAAAAEAAgMEBQYHESEiFWFx/8QAFQEBAQAAAAAAAAAAAAAAAAAAAwL/xAAZEQADAAMAAAAAAAAAAAAAAAAAAQIRITH/2gAMAwEAAhEDEQA/AFxLgDWTsAd1J5TGy7hEYqNAaNgECX7sjLMQAHJTEy1Zcarfia4lJMauAxqBhLY6ZlaOzDurWvUOd3jZPfCiEh4xs//Z);background-size:cover;"
      />
       
      <picture>
        <source />
         
        <source
          srcset="https://www.datocms-assets.com/205/image.png?ar=16%3A9&dpr=0.25&fit=crop&w=750 187w,↵https://www.datocms-assets.com/205/image.png?ar=16%3A9&dpr=0.5&fit=crop&w=750 375w,↵https://www.datocms-assets.com/205/image.png?ar=16%3A9&dpr=0.75&fit=crop&w=750 562w,↵https://www.datocms-assets.com/205/image.png?ar=16%3A9&dpr=1&fit=crop&w=750 750w,↵https://www.datocms-assets.com/205/image.png?ar=16%3A9&dpr=1.5&fit=crop&w=750 1125w,↵https://www.datocms-assets.com/205/image.png?ar=16%3A9&dpr=2&fit=crop&w=750 1500w,↵https://www.datocms-assets.com/205/image.png?ar=16%3A9&dpr=3&fit=crop&w=750 2250w,↵https://www.datocms-assets.com/205/image.png?ar=16%3A9&dpr=4&fit=crop&w=750 3000w"
        />
         
        <img
          alt="DatoCMS swag"
          class="absolute-positioning transition-opacity svelte-5iyfh4 invisible"
          src="https://www.datocms-assets.com/205/image.png?ar=16%3A9&fit=crop&w=750"
          style="transition-duration:500ms;"
          title="These are awesome, we know that."
        />
      </picture>
    </div>
  </div>
</body>
`;

exports[`Image not visible renders the blur-up thumb 1`] = `
<body>
  <div>
    <div
      class="relative-positioning svelte-5iyfh4"
      style="display:block"
    >
      <img
        alt="placeholder"
        class="d-block svelte-5iyfh4"
        role="presentation"
        src="data:image/svg+xml;base64,PHN2ZyB4bWxucz0iaHR0cDovL3d3dy53My5vcmcvMjAwMC9zdmciIHdpZHRoPSI3NTAiIGhlaWdodD0iNDIxIj48L3N2Zz4="
        style="width:100%"
      />
       
      <div
        class="absolute-positioning svelte-5iyfh4 visible"
        style="background-color:#000;background-image:url(data:image/jpeg;base64,/9j/4AAQSkZJRgABAQAAAQABAAD/2wCEAAoHBwgHBgoICAgLFQoLDhgQDg0NDh0eHREYIx8lJCIrHB0dLSs7GikyKSEuKjUlKDk1MjIyHyo4PTc+PDcxPjUBCgsLDg0OHBAQHDsoIig7Ozs7Ozs7OzsvOzs7Ozs7Ozs7Lzs7Ozs7Ozs7OzsvOzs7NTsvLy87NTU1Ly8vLzsvL//AABEIAA0AGAMBIgACEQEDEQH/xAAYAAACAwAAAAAAAAAAAAAAAAAGBwABBP/EACEQAAEEAAYDAAAAAAAAAAAAAAEAAgMEBQYHESEiFWFx/8QAFQEBAQAAAAAAAAAAAAAAAAAAAwL/xAAZEQADAAMAAAAAAAAAAAAAAAAAAQIRITH/2gAMAwEAAhEDEQA/AFxLgDWTsAd1J5TGy7hEYqNAaNgECX7sjLMQAHJTEy1Zcarfia4lJMauAxqBhLY6ZlaOzDurWvUOd3jZPfCiEh4xs//Z);background-size:cover;"
      />
       
    </div>
  </div>
</body>
`;
